<soapenv:Envelope xmlns:soapenv="http://schemas.xmlsoap.org/soap/envelope/" xmlns:get="http://www.lloydstsb.com/Schema/AccountingHub/getTriggerControl">
	<soapenv:Header/>
	<soapenv:Body>
		<get:GetTriggerControlRequest>
			<get:RequestId>11000111113ROLL</get:RequestId>
			<get:SourceSystem>IPSL</get:SourceSystem>
			<get:TriggerType>ROLL</get:TriggerType>
			<get:PaymentScheme>ICS</get:PaymentScheme>
			<get:IsReTrigger>false</get:IsReTrigger>
		</get:GetTriggerControlRequest>
	</soapenv:Body>
</soapenv:Envelope>