<SOAPENV:Envelope xmlns:SOAPENV="http://schemas.xmlsoap.org/soap/envelope/" xmlns:ifw="http://www.lloydstsb.com/Schema/ArrangementReporting/IFW" xmlns:m0="http://www.lloydstsb.com/Schema/Enterprise/IFWXML" xmlns:m1="http://www.lloydstsb.com/Schema/Enterprise/IFWXML_Common" xmlns:m2="http://www.lloydstsb.com/Schema/Enterprise/IFWXML_Arrangement" xmlns:m3="http://www.lloydstsb.com/Schema/Enterprise/IFWXML_AccountingUnit" xmlns:m4="http://www.lloydstsb.com/Schema/Enterprise/IFWXML_InvolvedParty" xmlns:m7="http://www.lloydstsb.com/Schema/Enterprise/IFWXML_Product" xmlns:ifwex="http://www.lloydstsb.com/Schema/Enterprise/IFWXML_Extended_Classes" xmlns:xsi="http://www.w3.org/2001/XMLSchema-instance"><SOAPENV:Header><NS1:ContactPoint xmlns:NS1="http://www.lloydstsb.com/Schema/Infrastructure/SOAP" NS1:mustReturn="false"><NS1:ContactPointType>003</NS1:ContactPointType><NS1:ContactPointId>804940</NS1:ContactPointId><NS1:ApplicationId>TBTSOC</NS1:ApplicationId><NS1:InitialOriginatorType>Browser</NS1:InitialOriginatorType><NS1:InitialOriginatorId>10.245.217.76</NS1:InitialOriginatorId><NS1:OperatorType>Staff</NS1:OperatorType></NS1:ContactPoint><NS2:Security xmlns:NS2="http://docs.oasis-open.org/wss/2004/01/oasis-200401-wss-wssecurity-secext-1.0.xsd" mustReturn="false"><NS2:UsernameToken NS2:UNPMechanismType="IB" NS2:UserType="010" Id="LloydsTSBSecurityToken"><NS2:Username>11113</NS2:Username></NS2:UsernameToken></NS2:Security><NS3:ServiceRequest xmlns:NS3="http://www.lloydstsb.com/Schema/Infrastructure/SOAP" NS3:mustReturn="false"><NS3:ServiceName>RetrievePostingArrangementDetails</NS3:ServiceName><NS3:Action>ACHUB</NS3:Action><NS3:From>10.240.12.58</NS3:From><NS3:MessageId>@@@IGNORE_DIFFERENCE@@@</NS3:MessageId></NS3:ServiceRequest></SOAPENV:Header><SOAPENV:Body><ifw:RetrievePostingArrangementsDetailsResponse><responseHeader><ifwex:refidRequest>@@@IGNORE_DIFFERENCE@@@</ifwex:refidRequest><ifwex:cmdType>response</ifwex:cmdType><ifwex:cmdStatus>fail</ifwex:cmdStatus><ifwex:resultConditions><m0:severityCode>2</m0:severityCode><m0:reasonCode>333333</m0:reasonCode><m0:reasonText>All Fail</m0:reasonText><m0:reasonDetail>All the accounts are failed</m0:reasonDetail><m0:instanceId>@@@IGNORE_DIFFERENCE@@@</m0:instanceId><m0:extraConditions><m0:severityCode>2</m0:severityCode><m0:reasonCode>9001</m0:reasonCode><m0:reasonText>technical error</m0:reasonText><m0:reasonDetail>ExternalSystem:COMMON, ErrorCode:3397, ErrorDescription:Account not numeric                </m0:reasonDetail><m0:instanceId>22222270</m0:instanceId></m0:extraConditions><m0:extraConditions><m0:severityCode>2</m0:severityCode><m0:reasonCode>9001</m0:reasonCode><m0:reasonText>technical error</m0:reasonText><m0:reasonDetail>ExternalSystem:COMMON, ErrorCode:3397, ErrorDescription:Account not numeric                </m0:reasonDetail><m0:instanceId>22222271</m0:instanceId></m0:extraConditions><m0:extraConditions><m0:severityCode>2</m0:severityCode><m0:reasonCode>9001</m0:reasonCode><m0:reasonText>technical error</m0:reasonText><m0:reasonDetail>ExternalSystem:COMMON, ErrorCode:3397, ErrorDescription:Account not numeric                </m0:reasonDetail><m0:instanceId>22222272</m0:instanceId></m0:extraConditions><m0:extraConditions><m0:severityCode>2</m0:severityCode><m0:reasonCode>9001</m0:reasonCode><m0:reasonText>technical error</m0:reasonText><m0:reasonDetail>ExternalSystem:COMMON, ErrorCode:3397, ErrorDescription:Account not numeric                </m0:reasonDetail><m0:instanceId>22222273</m0:instanceId></m0:extraConditions><m0:extraConditions><m0:severityCode>2</m0:severityCode><m0:reasonCode>9001</m0:reasonCode><m0:reasonText>technical error</m0:reasonText><m0:reasonDetail>ExternalSystem:COMMON, ErrorCode:3397, ErrorDescription:Account not numeric                </m0:reasonDetail><m0:instanceId>22222274</m0:instanceId></m0:extraConditions><m0:extraConditions><m0:severityCode>2</m0:severityCode><m0:reasonCode>9001</m0:reasonCode><m0:reasonText>technical error</m0:reasonText><m0:reasonDetail>ExternalSystem:COMMON, ErrorCode:3397, ErrorDescription:Account not numeric                </m0:reasonDetail><m0:instanceId>22222275</m0:instanceId></m0:extraConditions><m0:extraConditions><m0:severityCode>2</m0:severityCode><m0:reasonCode>9001</m0:reasonCode><m0:reasonText>technical error</m0:reasonText><m0:reasonDetail>ExternalSystem:COMMON, ErrorCode:3397, ErrorDescription:Account not numeric                </m0:reasonDetail><m0:instanceId>22222276</m0:instanceId></m0:extraConditions><m0:extraConditions><m0:severityCode>2</m0:severityCode><m0:reasonCode>9001</m0:reasonCode><m0:reasonText>technical error</m0:reasonText><m0:reasonDetail>ExternalSystem:COMMON, ErrorCode:3397, ErrorDescription:Account not numeric                </m0:reasonDetail><m0:instanceId>22222277</m0:instanceId></m0:extraConditions><m0:extraConditions><m0:severityCode>2</m0:severityCode><m0:reasonCode>9001</m0:reasonCode><m0:reasonText>technical error</m0:reasonText><m0:reasonDetail>ExternalSystem:COMMON, ErrorCode:3397, ErrorDescription:Account not numeric                </m0:reasonDetail><m0:instanceId>22222278</m0:instanceId></m0:extraConditions><m0:extraConditions><m0:severityCode>2</m0:severityCode><m0:reasonCode>271800</m0:reasonCode><m0:reasonText>The transaction has been unsuccessful</m0:reasonText><m0:reasonDetail>ExternalSystem:COMMON, ErrorCode:2222, ErrorDescription: This is internal test sample text </m0:reasonDetail><m0:instanceId>22222279</m0:instanceId></m0:extraConditions></ifwex:resultConditions></responseHeader><productArrangement xsi:type="m2:ProductArrangement"><m1:objectReference xsi:type="m2:ProductArrangementIdentifier"><m1:id>22222270</m1:id></m1:objectReference><m2:lifecycleStatus>Blocked</m2:lifecycleStatus><m2:initiatingOrganizationUnit xsi:type="m4:OrganizationUnit"><m1:objectReference xsi:type="m4:BranchIdentifier"><m4:sortCode>306709</m4:sortCode></m1:objectReference></m2:initiatingOrganizationUnit><m2:primaryCustomer><m4:customerName><m4:nameText>SOCtestpilotR1GR11</m4:nameText></m4:customerName><m4:legalAddress><m4:addressComponents><m4:type>Postal Code</m4:type><m4:value>WC2H 8AD</m4:value></m4:addressComponents><m4:addressComponents><m4:type>Address Lines</m4:type><m4:value>Lloyds Banking Group,Post Tower 3 2nd Floor,125 Shaftesbury Avenue,London,United Kingdom</m4:value></m4:addressComponents></m4:legalAddress></m2:primaryCustomer><m2:sellingLegalEntity>LTB</m2:sellingLegalEntity><m2:conditions xsi:type="m1:RuleCondition"><m1:name>ACC_REDIRECTION</m1:name><m1:utiliseRule>false</m1:utiliseRule></m2:conditions><m2:product><m7:productPlatform>COMMON</m7:productPlatform></m2:product></productArrangement><productArrangement xsi:type="m2:ProductArrangement"><m1:objectReference xsi:type="m2:ProductArrangementIdentifier"><m1:id>22222271</m1:id></m1:objectReference><m2:lifecycleStatus>Blocked for Closure</m2:lifecycleStatus><m2:initiatingOrganizationUnit xsi:type="m4:OrganizationUnit"><m1:objectReference xsi:type="m4:BranchIdentifier"><m4:sortCode>306709</m4:sortCode></m1:objectReference></m2:initiatingOrganizationUnit><m2:primaryCustomer><m4:customerName><m4:nameText>SOCtestpilotR1GR11</m4:nameText></m4:customerName><m4:legalAddress><m4:addressComponents><m4:type>Postal Code</m4:type><m4:value>WC2H 8AD</m4:value></m4:addressComponents><m4:addressComponents><m4:type>Address Lines</m4:type><m4:value>Lloyds Banking Group,Post Tower 3 2nd Floor,125 Shaftesbury Avenue,London,United Kingdom</m4:value></m4:addressComponents></m4:legalAddress></m2:primaryCustomer><m2:sellingLegalEntity>LTB</m2:sellingLegalEntity><m2:conditions xsi:type="m1:RuleCondition"><m1:name>ACC_REDIRECTION</m1:name><m1:utiliseRule>false</m1:utiliseRule></m2:conditions><m2:product><m7:productPlatform>COMMON</m7:productPlatform></m2:product></productArrangement><productArrangement xsi:type="m2:ProductArrangement"><m1:objectReference xsi:type="m2:ProductArrangementIdentifier"><m1:id>22222272</m1:id></m1:objectReference><m2:lifecycleStatus>Normal</m2:lifecycleStatus><m2:initiatingOrganizationUnit xsi:type="m4:OrganizationUnit"><m1:objectReference xsi:type="m4:BranchIdentifier"><m4:sortCode>306709</m4:sortCode></m1:objectReference></m2:initiatingOrganizationUnit><m2:primaryCustomer><m4:customerName><m4:nameText>SOCtestpilotR1GR11</m4:nameText></m4:customerName><m4:legalAddress><m4:addressComponents><m4:type>Postal Code</m4:type><m4:value>WC2H 8AD</m4:value></m4:addressComponents><m4:addressComponents><m4:type>Address Lines</m4:type><m4:value>Lloyds Banking Group,Post Tower 3 2nd Floor,125 Shaftesbury Avenue,London,United Kingdom</m4:value></m4:addressComponents></m4:legalAddress></m2:primaryCustomer><m2:sellingLegalEntity>LTB</m2:sellingLegalEntity><m2:conditions xsi:type="m1:RuleCondition"><m1:name>ACC_REDIRECTION</m1:name><m1:utiliseRule>false</m1:utiliseRule></m2:conditions><m2:product><m7:productPlatform>COMMON</m7:productPlatform></m2:product></productArrangement><productArrangement xsi:type="m2:ProductArrangement"><m1:objectReference xsi:type="m2:ProductArrangementIdentifier"><m1:id>22222273</m1:id></m1:objectReference><m2:lifecycleStatus>Normal</m2:lifecycleStatus><m2:initiatingOrganizationUnit xsi:type="m4:OrganizationUnit"><m1:objectReference xsi:type="m4:BranchIdentifier"><m4:sortCode>306709</m4:sortCode></m1:objectReference></m2:initiatingOrganizationUnit><m2:primaryCustomer><m4:customerName><m4:nameText>SOCtestpilotR1GR11</m4:nameText></m4:customerName><m4:legalAddress><m4:addressComponents><m4:type>Postal Code</m4:type><m4:value>WC2H 8AD</m4:value></m4:addressComponents><m4:addressComponents><m4:type>Address Lines</m4:type><m4:value>Lloyds Banking Group,Post Tower 3 2nd Floor,125 Shaftesbury Avenue,London,United Kingdom</m4:value></m4:addressComponents></m4:legalAddress></m2:primaryCustomer><m2:sellingLegalEntity>LTB</m2:sellingLegalEntity><m2:conditions xsi:type="m1:RuleCondition"><m1:name>ACC_REDIRECTION</m1:name><m1:utiliseRule>false</m1:utiliseRule></m2:conditions><m2:product><m7:productPlatform>COMMON</m7:productPlatform></m2:product></productArrangement><productArrangement xsi:type="m2:ProductArrangement"><m1:objectReference xsi:type="m2:ProductArrangementIdentifier"><m1:id>22222274</m1:id></m1:objectReference><m2:lifecycleStatus>Normal</m2:lifecycleStatus><m2:initiatingOrganizationUnit xsi:type="m4:OrganizationUnit"><m1:objectReference xsi:type="m4:BranchIdentifier"><m4:sortCode>306709</m4:sortCode></m1:objectReference></m2:initiatingOrganizationUnit><m2:primaryCustomer><m4:customerName><m4:nameText>SOCtestpilotR1GR11</m4:nameText></m4:customerName><m4:legalAddress><m4:addressComponents><m4:type>Postal Code</m4:type><m4:value>WC2H 8AD</m4:value></m4:addressComponents><m4:addressComponents><m4:type>Address Lines</m4:type><m4:value>Lloyds Banking Group,Post Tower 3 2nd Floor,125 Shaftesbury Avenue,London,United Kingdom</m4:value></m4:addressComponents></m4:legalAddress></m2:primaryCustomer><m2:sellingLegalEntity>LTB</m2:sellingLegalEntity><m2:conditions xsi:type="m1:RuleCondition"><m1:name>ACC_REDIRECTION</m1:name><m1:utiliseRule>false</m1:utiliseRule></m2:conditions><m2:product><m7:productPlatform>COMMON</m7:productPlatform></m2:product></productArrangement><productArrangement xsi:type="m2:ProductArrangement"><m1:objectReference xsi:type="m2:ProductArrangementIdentifier"><m1:id>22222275</m1:id></m1:objectReference><m2:lifecycleStatus>Normal</m2:lifecycleStatus><m2:initiatingOrganizationUnit xsi:type="m4:OrganizationUnit"><m1:objectReference xsi:type="m4:BranchIdentifier"><m4:sortCode>306709</m4:sortCode></m1:objectReference></m2:initiatingOrganizationUnit><m2:primaryCustomer><m4:customerName><m4:nameText>SOCtestpilotR1GR11</m4:nameText></m4:customerName><m4:legalAddress><m4:addressComponents><m4:type>Postal Code</m4:type><m4:value>WC2H 8AD</m4:value></m4:addressComponents><m4:addressComponents><m4:type>Address Lines</m4:type><m4:value>Lloyds Banking Group,Post Tower 3 2nd Floor,125 Shaftesbury Avenue,London,United Kingdom</m4:value></m4:addressComponents></m4:legalAddress></m2:primaryCustomer><m2:sellingLegalEntity>LTB</m2:sellingLegalEntity><m2:conditions xsi:type="m1:RuleCondition"><m1:name>ACC_REDIRECTION</m1:name><m1:utiliseRule>false</m1:utiliseRule></m2:conditions><m2:product><m7:productPlatform>COMMON</m7:productPlatform></m2:product></productArrangement><productArrangement xsi:type="m2:ProductArrangement"><m1:objectReference xsi:type="m2:ProductArrangementIdentifier"><m1:id>22222276</m1:id></m1:objectReference><m2:lifecycleStatus>Normal</m2:lifecycleStatus><m2:initiatingOrganizationUnit xsi:type="m4:OrganizationUnit"><m1:objectReference xsi:type="m4:BranchIdentifier"><m4:sortCode>306709</m4:sortCode></m1:objectReference></m2:initiatingOrganizationUnit><m2:primaryCustomer><m4:customerName><m4:nameText>SOCtestpilotR1GR11</m4:nameText></m4:customerName><m4:legalAddress><m4:addressComponents><m4:type>Postal Code</m4:type><m4:value>WC2H 8AD</m4:value></m4:addressComponents><m4:addressComponents><m4:type>Address Lines</m4:type><m4:value>Lloyds Banking Group,Post Tower 3 2nd Floor,125 Shaftesbury Avenue,London,United Kingdom</m4:value></m4:addressComponents></m4:legalAddress></m2:primaryCustomer><m2:sellingLegalEntity>LTB</m2:sellingLegalEntity><m2:conditions xsi:type="m1:RuleCondition"><m1:name>ACC_REDIRECTION</m1:name><m1:utiliseRule>false</m1:utiliseRule></m2:conditions><m2:product><m7:productPlatform>COMMON</m7:productPlatform></m2:product></productArrangement><productArrangement xsi:type="m2:ProductArrangement"><m1:objectReference xsi:type="m2:ProductArrangementIdentifier"><m1:id>22222277</m1:id></m1:objectReference><m2:lifecycleStatus>Normal</m2:lifecycleStatus><m2:initiatingOrganizationUnit xsi:type="m4:OrganizationUnit"><m1:objectReference xsi:type="m4:BranchIdentifier"><m4:sortCode>306709</m4:sortCode></m1:objectReference></m2:initiatingOrganizationUnit><m2:primaryCustomer><m4:customerName><m4:nameText>SOCtestpilotR1GR11</m4:nameText></m4:customerName><m4:legalAddress><m4:addressComponents><m4:type>Postal Code</m4:type><m4:value>WC2H 8AD</m4:value></m4:addressComponents><m4:addressComponents><m4:type>Address Lines</m4:type><m4:value>Lloyds Banking Group,Post Tower 3 2nd Floor,125 Shaftesbury Avenue,London,United Kingdom</m4:value></m4:addressComponents></m4:legalAddress></m2:primaryCustomer><m2:sellingLegalEntity>LTB</m2:sellingLegalEntity><m2:conditions xsi:type="m1:RuleCondition"><m1:name>ACC_REDIRECTION</m1:name><m1:utiliseRule>false</m1:utiliseRule></m2:conditions><m2:product><m7:productPlatform>COMMON</m7:productPlatform></m2:product></productArrangement><productArrangement xsi:type="m2:ProductArrangement"><m1:objectReference xsi:type="m2:ProductArrangementIdentifier"><m1:id>22222278</m1:id></m1:objectReference><m2:lifecycleStatus>Normal</m2:lifecycleStatus><m2:initiatingOrganizationUnit xsi:type="m4:OrganizationUnit"><m1:objectReference xsi:type="m4:BranchIdentifier"><m4:sortCode>306709</m4:sortCode></m1:objectReference></m2:initiatingOrganizationUnit><m2:primaryCustomer><m4:customerName><m4:nameText>SOCtestpilotR1GR11</m4:nameText></m4:customerName><m4:legalAddress><m4:addressComponents><m4:type>Postal Code</m4:type><m4:value>WC2H 8AD</m4:value></m4:addressComponents><m4:addressComponents><m4:type>Address Lines</m4:type><m4:value>Lloyds Banking Group,Post Tower 3 2nd Floor,125 Shaftesbury Avenue,London,United Kingdom</m4:value></m4:addressComponents></m4:legalAddress></m2:primaryCustomer><m2:sellingLegalEntity>LTB</m2:sellingLegalEntity><m2:conditions xsi:type="m1:RuleCondition"><m1:name>ACC_REDIRECTION</m1:name><m1:utiliseRule>false</m1:utiliseRule></m2:conditions><m2:product><m7:productPlatform>COMMON</m7:productPlatform></m2:product></productArrangement><productArrangement xsi:type="m2:ProductArrangement"><m1:objectReference xsi:type="m2:ProductArrangementIdentifier"><m1:id>22222279</m1:id></m1:objectReference><m2:lifecycleStatus>Normal</m2:lifecycleStatus><m2:initiatingOrganizationUnit xsi:type="m4:OrganizationUnit"><m1:objectReference xsi:type="m4:BranchIdentifier"><m4:sortCode>306709</m4:sortCode></m1:objectReference></m2:initiatingOrganizationUnit><m2:primaryCustomer><m4:customerName><m4:nameText>SOCtestpilotR1GR11</m4:nameText></m4:customerName><m4:legalAddress><m4:addressComponents><m4:type>Postal Code</m4:type><m4:value>WC2H 8AD</m4:value></m4:addressComponents><m4:addressComponents><m4:type>Address Lines</m4:type><m4:value>Lloyds Banking Group,Post Tower 3 2nd Floor,125 Shaftesbury Avenue,London,United Kingdom</m4:value></m4:addressComponents></m4:legalAddress></m2:primaryCustomer><m2:sellingLegalEntity>LTB</m2:sellingLegalEntity><m2:conditions xsi:type="m1:RuleCondition"><m1:name>ACC_REDIRECTION</m1:name><m1:utiliseRule>false</m1:utiliseRule></m2:conditions><m2:product><m7:productPlatform>COMMON</m7:productPlatform></m2:product></productArrangement></ifw:RetrievePostingArrangementsDetailsResponse></SOAPENV:Body></SOAPENV:Envelope>