<SOAPENV:Envelope xmlns:SOAPENV="http://schemas.xmlsoap.org/soap/envelope/" xmlns:ifw="http://www.lloydstsb.com/Schema/ArrangementReporting/IFW" xmlns:m0="http://www.lloydstsb.com/Schema/Enterprise/IFWXML" xmlns:m1="http://www.lloydstsb.com/Schema/Enterprise/IFWXML_Common" xmlns:m2="http://www.lloydstsb.com/Schema/Enterprise/IFWXML_Arrangement" xmlns:m3="http://www.lloydstsb.com/Schema/Enterprise/IFWXML_AccountingUnit" xmlns:m4="http://www.lloydstsb.com/Schema/Enterprise/IFWXML_InvolvedParty" xmlns:m7="http://www.lloydstsb.com/Schema/Enterprise/IFWXML_Product" xmlns:ifwex="http://www.lloydstsb.com/Schema/Enterprise/IFWXML_Extended_Classes" xmlns:xsi="http://www.w3.org/2001/XMLSchema-instance"><SOAPENV:Header><NS1:ContactPoint xmlns:NS1="http://www.lloydstsb.com/Schema/Infrastructure/SOAP" NS1:mustReturn="false"><NS1:ContactPointType>003</NS1:ContactPointType><NS1:ContactPointId>804940</NS1:ContactPointId><NS1:ApplicationId>TBTSOC</NS1:ApplicationId><NS1:InitialOriginatorType>Browser</NS1:InitialOriginatorType><NS1:InitialOriginatorId>10.245.217.76</NS1:InitialOriginatorId><NS1:OperatorType>Staff</NS1:OperatorType></NS1:ContactPoint><NS2:Security xmlns:NS2="http://docs.oasis-open.org/wss/2004/01/oasis-200401-wss-wssecurity-secext-1.0.xsd" mustReturn="false"><NS2:UsernameToken NS2:UNPMechanismType="IB" NS2:UserType="010" Id="LloydsTSBSecurityToken"><NS2:Username>11113</NS2:Username></NS2:UsernameToken></NS2:Security><NS3:ServiceRequest xmlns:NS3="http://www.lloydstsb.com/Schema/Infrastructure/SOAP" NS3:mustReturn="false"><NS3:ServiceName>RetrievePostingArrangementDetails</NS3:ServiceName><NS3:Action>ACHUB</NS3:Action><NS3:From>10.240.12.58</NS3:From><NS3:MessageId>@@@IGNORE_DIFFERENCE@@@</NS3:MessageId></NS3:ServiceRequest></SOAPENV:Header><SOAPENV:Body><ifw:RetrievePostingArrangementsDetailsResponse><responseHeader><ifwex:refidRequest>@@@IGNORE_DIFFERENCE@@@</ifwex:refidRequest><ifwex:cmdType>response</ifwex:cmdType><ifwex:cmdStatus>ok</ifwex:cmdStatus><ifwex:resultConditions><m0:severityCode>1</m0:severityCode><m0:reasonCode>222222</m0:reasonCode><m0:reasonText>Partial Success</m0:reasonText><m0:reasonDetail>Some of the accounts are failed</m0:reasonDetail><m0:instanceId>@@@IGNORE_DIFFERENCE@@@</m0:instanceId><m0:extraConditions><m0:severityCode>2</m0:severityCode><m0:reasonCode>9001</m0:reasonCode><m0:reasonText>Status Unknown</m0:reasonText><m0:reasonDetail>ExternalSystem:RCBS, ErrorCode:0009001, ErrorDescription:SF9001 PHONE HELP DESK IMMEDIATELY</m0:reasonDetail><m0:instanceId>55555591</m0:instanceId></m0:extraConditions><m0:extraConditions><m0:severityCode>0</m0:severityCode><m0:instanceId>56000403</m0:instanceId></m0:extraConditions></ifwex:resultConditions></responseHeader><productArrangement xsi:type="m2:ProductArrangement"><m1:objectReference xsi:type="m2:ProductArrangementIdentifier"><m1:id>55555591</m1:id></m1:objectReference><m2:lifecycleStatus>Normal</m2:lifecycleStatus><m2:initiatingOrganizationUnit xsi:type="m4:OrganizationUnit"><m1:objectReference xsi:type="m4:BranchIdentifier"><m4:sortCode>306709</m4:sortCode></m1:objectReference></m2:initiatingOrganizationUnit><m2:involvedParty xsi:type="m4:OrganizationUnit"><m1:objectReference xsi:type="m4:OrganizationUnitIdentifier"><m1:id>100</m1:id></m1:objectReference><m4:name xsi:type="m4:InvolvedPartyName"><m4:nameText>loli</m4:nameText></m4:name></m2:involvedParty><m2:primaryCustomer><m4:customerName><m4:nameText>VijeshAP</m4:nameText></m4:customerName><m4:legalAddress><m4:addressComponents><m4:type>Postal Code</m4:type><m4:value>0124</m4:value></m4:addressComponents><m4:addressComponents><m4:type>Address Lines</m4:type><m4:value>Lloyds Banking Group,Post Tower 3 2nd Floor,125 Shaftesbury Avenue,London,United Kingdom</m4:value></m4:addressComponents></m4:legalAddress></m2:primaryCustomer><m2:sellingLegalEntity>LTSB</m2:sellingLegalEntity><m2:conditions xsi:type="m1:RuleCondition"><m1:name>ACC_REDIRECTION</m1:name><m1:utiliseRule>false</m1:utiliseRule></m2:conditions><m2:product><m7:productPlatform>rCBS</m7:productPlatform></m2:product></productArrangement><productArrangement xsi:type="m2:ProductArrangement"><m1:objectReference xsi:type="m2:ProductArrangementIdentifier"><m1:id>56000403</m1:id><m2:internationalIdentifier>GB33LOYD770123456727</m2:internationalIdentifier></m1:objectReference><m2:lifecycleStatus>Normal</m2:lifecycleStatus><m2:name>Raja</m2:name><m2:initiatingOrganizationUnit xsi:type="m4:OrganizationUnit"><m1:objectReference xsi:type="m4:BranchIdentifier"><m4:sortCode>306709</m4:sortCode></m1:objectReference></m2:initiatingOrganizationUnit><m2:accountingUnits xsi:type="m3:MonetaryAccountingUnit"><m3:monetaryBalance xsi:type="m3:MonetaryBalance"><m3:type>Cleared</m3:type><m3:netAmount xsi:type="m0:CurrencyAmount"><m0:theCurrencyAmount>18.00</m0:theCurrencyAmount></m3:netAmount></m3:monetaryBalance><m3:monetaryBalance xsi:type="m3:MonetaryBalance"><m3:type>Available</m3:type><m3:netAmount xsi:type="m0:CurrencyAmount"><m0:theCurrencyAmount>12.00</m0:theCurrencyAmount></m3:netAmount></m3:monetaryBalance><m3:monetaryBalance xsi:type="m3:MonetaryBalance"><m3:type>Ledger</m3:type><m3:netAmount xsi:type="m0:CurrencyAmount"><m0:theCurrencyAmount>14.00</m0:theCurrencyAmount></m3:netAmount></m3:monetaryBalance><m3:monetaryBalance xsi:type="m3:MonetaryBalance"><m3:type>Uncleared</m3:type><m3:netAmount xsi:type="m0:CurrencyAmount"><m0:theCurrencyAmount>5.67</m0:theCurrencyAmount></m3:netAmount></m3:monetaryBalance></m2:accountingUnits><m2:involvedParty xsi:type="m4:OrganizationUnit"><m1:objectReference xsi:type="m4:OrganizationUnitIdentifier"><m1:id>89</m1:id></m1:objectReference><m4:name xsi:type="m4:InvolvedPartyName"><m4:nameText>lloyds</m4:nameText></m4:name></m2:involvedParty><m2:primaryCustomer><m4:customerName><m4:nameText>ChristoThomas</m4:nameText></m4:customerName><m4:legalAddress><m4:addressComponents><m4:type>Postal Code</m4:type><m4:value>001</m4:value></m4:addressComponents><m4:addressComponents><m4:type>Address Lines</m4:type><m4:value>INDIA,Banglore,125 Shaftesbury Avenue,EC,India</m4:value></m4:addressComponents></m4:legalAddress></m2:primaryCustomer><m2:currency>GBP</m2:currency><m2:sellingLegalEntity>LTB</m2:sellingLegalEntity><m2:conditions xsi:type="m1:RuleCondition"><m1:name>ACC_REDIRECTION</m1:name><m1:utiliseRule>false</m1:utiliseRule></m2:conditions><m2:product><m7:productPlatform>rCBS</m7:productPlatform></m2:product></productArrangement></ifw:RetrievePostingArrangementsDetailsResponse></SOAPENV:Body></SOAPENV:Envelope>