<SOAPENV:Envelope xmlns:SOAPENV="http://schemas.xmlsoap.org/soap/envelope/" xmlns:IFW="http://www.lloydstsb.com/Schema/ArrangementAccountProcessing/IFW" xmlns:IFWXML="http://xml.lloydsbanking.com/Schema/Enterprise/InformationTechnology/ESB/IFWXML" xmlns:COMMON="http://xml.lloydsbanking.com/Schema/Enterprise/InformationTechnology/ESB/IFWXML_Common" xmlns:ARGMENT="http://xml.lloydsbanking.com/Schema/Enterprise/InformationTechnology/ESB/IFWXML_Arrangement" xmlns:ACUNIT="http://xml.lloydsbanking.com/Schema/Enterprise/InformationTechnology/ESB/IFWXML_AccountingUnit" xmlns:INVOLPTY="http://xml.lloydsbanking.com/Schema/Enterprise/InformationTechnology/ESB/IFWXML_InvolvedParty" xmlns:EVENT="http://xml.lloydsbanking.com/Schema/Enterprise/InformationTechnology/ESB/IFWXML_Event" xmlns:ACTRANSCTION="http://xml.lloydsbanking.com/Schema/Enterprise/InformationTechnology/ESB/IFWXML_AccountingTransaction" xmlns:IFW1="http://www.lloydstsb.com/Schema/Enterprise/IFWXML_Extended_Classes" xmlns:xsi="http://www.w3.org/2001/XMLSchema-instance" xmlns:PROD="http://xml.lloydsbanking.com/Schema/Enterprise/InformationTechnology/ESB/IFWXML_Product"><SOAPENV:Header><NS1:ContactPoint xmlns:NS1="http://www.lloydstsb.com/Schema/Infrastructure/SOAP" NS1:mustReturn="true"><NS1:ContactPointType>token</NS1:ContactPointType><NS1:ContactPointId>token</NS1:ContactPointId><NS1:ApplicationId>token</NS1:ApplicationId><NS1:InitialOriginatorType>token</NS1:InitialOriginatorType><NS1:InitialOriginatorId>CE1000</NS1:InitialOriginatorId><NS1:OperatorType>Customer</NS1:OperatorType></NS1:ContactPoint><NS2:Security xmlns:NS2="http://docs.oasis-open.org/wss/2004/01/oasis-200401-wss-wssecurity-secext-1.0.xsd" mustReturn="true"><NS2:UsernameToken NS2:UNPMechanismType="ClearTrust" NS2:UserType="" Id="LloydsTSBSecurityToken"><NS2:Username>String</NS2:Username><NS2:Password PasswordEnumType="Digest">String</NS2:Password></NS2:UsernameToken></NS2:Security><NS3:ServiceRequest xmlns:NS3="http://www.lloydstsb.com/Schema/Infrastructure/SOAP" NS3:mustReturn="true"><NS3:ServiceName>String</NS3:ServiceName><NS3:Action>Y</NS3:Action><NS3:From>TMH_TxnBus</NS3:From><NS3:MessageId>@@@IGNORE_DIFFERENCE@@@</NS3:MessageId></NS3:ServiceRequest></SOAPENV:Header><SOAPENV:Body><IFW:ApplyPaymentPostingResponse><responseHeader><IFW1:refidRequest>@@@IGNORE_DIFFERENCE@@@</IFW1:refidRequest><IFW1:cmdStatus>pending</IFW1:cmdStatus><IFW1:returnCode>0000</IFW1:returnCode><IFW1:resultConditions><IFWXML:severityCode>0</IFWXML:severityCode><IFWXML:reasonCode>0000</IFWXML:reasonCode></IFW1:resultConditions><IFW1:genericReference><IFWXML:refid>@@@IGNORE_DIFFERENCE@@@</IFWXML:refid></IFW1:genericReference></responseHeader><contraAccountTransaction xsi:type="ACTRANSCTION:Transfer"><EVENT:hasEventType><COMMON:name>jhghjgghjPrincipal Credit9</COMMON:name></EVENT:hasEventType><ACTRANSCTION:initiatesMonetaryPosting><ACUNIT:accountingEffectType>Credit</ACUNIT:accountingEffectType></ACTRANSCTION:initiatesMonetaryPosting><ACTRANSCTION:targets><COMMON:objectReference xsi:type="ARGMENT:ProductArrangementObjectReference"><ARGMENT:accountNumber>75555991</ARGMENT:accountNumber><ARGMENT:npaSettlementAccountNumber>239087</ARGMENT:npaSettlementAccountNumber><ARGMENT:redirectionIndicator>N</ARGMENT:redirectionIndicator></COMMON:objectReference><ARGMENT:isManagedByOrgUnit xsi:type="INVOLPTY:Branch"><INVOLPTY:sortCode>239087</INVOLPTY:sortCode></ARGMENT:isManagedByOrgUnit><ARGMENT:isBasedOnProduct><PROD:productPlatform>RCBS</PROD:productPlatform></ARGMENT:isBasedOnProduct></ACTRANSCTION:targets></contraAccountTransaction></IFW:ApplyPaymentPostingResponse></SOAPENV:Body></SOAPENV:Envelope>