<SOAPENV:Envelope xmlns:SOAPENV="http://schemas.xmlsoap.org/soap/envelope/" xmlns:IFW="http://www.lloydstsb.com/Schema/ArrangementAccountProcessing/IFW" xmlns:IFWXML="http://xml.lloydsbanking.com/Schema/Enterprise/InformationTechnology/ESB/IFWXML" xmlns:COMMON="http://xml.lloydsbanking.com/Schema/Enterprise/InformationTechnology/ESB/IFWXML_Common" xmlns:ARGMENT="http://xml.lloydsbanking.com/Schema/Enterprise/InformationTechnology/ESB/IFWXML_Arrangement" xmlns:ACUNIT="http://xml.lloydsbanking.com/Schema/Enterprise/InformationTechnology/ESB/IFWXML_AccountingUnit" xmlns:INVOLPTY="http://xml.lloydsbanking.com/Schema/Enterprise/InformationTechnology/ESB/IFWXML_InvolvedParty" xmlns:EVENT="http://xml.lloydsbanking.com/Schema/Enterprise/InformationTechnology/ESB/IFWXML_Event" xmlns:ACTRANSCTION="http://xml.lloydsbanking.com/Schema/Enterprise/InformationTechnology/ESB/IFWXML_AccountingTransaction" xmlns:IFW1="http://www.lloydstsb.com/Schema/Enterprise/IFWXML_Extended_Classes" xmlns:xsi="http://www.w3.org/2001/XMLSchema-instance" xmlns:PROD="http://xml.lloydsbanking.com/Schema/Enterprise/InformationTechnology/ESB/IFWXML_Product"><SOAPENV:Header><NS1:ServiceRequest xmlns:NS1="http://www.lloydstsb.com/Schema/Infrastructure/SOAP"><NS1:ServiceName>http://www.lloydstsb.com/Schema/ArrangementAccountProcessing/IFW/ArrangementAccountProcessingService</NS1:ServiceName><NS1:Action>N</NS1:Action><NS1:From>TMH_TxnBus</NS1:From><NS1:MessageId>@@@IGNORE_DIFFERENCE@@@</NS1:MessageId></NS1:ServiceRequest><NS2:Security xmlns:NS2="http://docs.oasis-open.org/wss/2004/01/oasis-200401-wss-wssecurity-secext-1.0.xsd"><NS2:UsernameToken Id="LloydsTSBSecurityToken" NS2:UNPMechanismType="LTPA" NS2:UserType="047"><NS2:Username>TMH_TxnBus</NS2:Username><NS2:Password/></NS2:UsernameToken></NS2:Security><NS3:ContactPoint xmlns:NS3="http://www.lloydstsb.com/Schema/Infrastructure/SOAP"><NS3:ContactPointType>003</NS3:ContactPointType><NS3:ContactPointId>0000309542</NS3:ContactPointId><NS3:ApplicationId>AL05810</NS3:ApplicationId><NS3:InitialOriginatorId>CE3000</NS3:InitialOriginatorId><NS3:OperatorType>Customer</NS3:OperatorType></NS3:ContactPoint></SOAPENV:Header><SOAPENV:Body><IFW:ApplyPaymentPostingResponse><responseHeader><IFW1:refidRequest>@@@IGNORE_DIFFERENCE@@@</IFW1:refidRequest><IFW1:cmdStatus>ok</IFW1:cmdStatus><IFW1:returnCode>0000</IFW1:returnCode><IFW1:resultConditions><IFWXML:severityCode>0</IFWXML:severityCode><IFWXML:reasonCode>0000</IFWXML:reasonCode></IFW1:resultConditions><IFW1:genericReference><IFWXML:refid>@@@IGNORE_DIFFERENCE@@@</IFWXML:refid></IFW1:genericReference></responseHeader><contraAccountTransaction xsi:type="ACTRANSCTION:Transfer"><EVENT:hasEventType><COMMON:name>F/Flow SERVIC C</COMMON:name></EVENT:hasEventType><ACTRANSCTION:initiatesMonetaryPosting><ACUNIT:accountingEffectType>Credit</ACUNIT:accountingEffectType></ACTRANSCTION:initiatesMonetaryPosting><ACTRANSCTION:targets><COMMON:objectReference xsi:type="ARGMENT:ProductArrangementObjectReference"><ARGMENT:accountNumber>40000004</ARGMENT:accountNumber><ARGMENT:npaSettlementAccountNumber>800664</ARGMENT:npaSettlementAccountNumber><ARGMENT:redirectionIndicator>N</ARGMENT:redirectionIndicator></COMMON:objectReference><ARGMENT:isManagedByOrgUnit xsi:type="INVOLPTY:Branch"><INVOLPTY:sortCode>800664</INVOLPTY:sortCode></ARGMENT:isManagedByOrgUnit><ARGMENT:isBasedOnProduct><PROD:productPlatform>rCBS</PROD:productPlatform></ARGMENT:isBasedOnProduct></ACTRANSCTION:targets></contraAccountTransaction></IFW:ApplyPaymentPostingResponse></SOAPENV:Body></SOAPENV:Envelope>